Sep-18 10:58:20.003 [main] DEBUG nextflow.cli.Launcher - $> nextflow run . -preview
Sep-18 10:58:20.075 [main] DEBUG nextflow.plugin.PluginsFacade - Setting up plugin manager > mode=prod; embedded=false; plugins-dir=/Users/clementgoubert/.nextflow/plugins; core-plugins: nf-amazon@3.9.2,nf-azure@1.22.6,nf-cloudcache@0.6.0,nf-codecommit@0.5.3,nf-console@1.3.0,nf-google@1.27.3,nf-k8s@1.5.4,nf-seqera@0.21.1,nf-tower@1.28.2,nf-wave@1.21.0
Sep-18 10:58:20.100 [main] INFO  o.pf4j.DefaultPluginStatusProvider - Enabled plugins: []
Sep-18 10:58:20.100 [main] INFO  o.pf4j.DefaultPluginStatusProvider - Disabled plugins: []
Sep-18 10:58:20.102 [main] INFO  org.pf4j.DefaultPluginManager - PF4J version 3.14.1 in 'deployment' mode
Sep-18 10:58:20.115 [main] DEBUG nextflow.util.RetryConfig - Missing nextflow session - using default retry config
Sep-18 10:58:20.240 [main] DEBUG nextflow.plugin.PluginUpdater - Using plugin repository: HttpPluginRepository [registry]; url=https://registry.nextflow.io/api
Sep-18 10:58:20.244 [main] INFO  org.pf4j.AbstractPluginManager - No plugins
Sep-18 10:58:20.264 [main] DEBUG nextflow.scm.AssetManager - Selecting multi-revision strategy
Sep-18 10:58:20.273 [main] DEBUG nextflow.config.ConfigParserFactory - Using config parser v2
Sep-18 10:58:20.673 [main] DEBUG nextflow.config.ConfigBuilder - Found config local: /Users/clementgoubert/Documents/GraffiTE/nextflow.config
Sep-18 10:58:20.675 [main] DEBUG nextflow.config.ConfigBuilder - Parsing config file: /Users/clementgoubert/Documents/GraffiTE/nextflow.config
Sep-18 10:58:20.676 [main] DEBUG nextflow.config.ConfigParserFactory - Using config parser v2
Sep-18 10:58:20.684 [main] DEBUG nextflow.config.ConfigBuilder - Applying config profile: `standard`
Sep-18 10:58:20.853 [main] DEBUG nextflow.plugin.PluginsFacade - Plugins default=[]
Sep-18 10:58:20.853 [main] DEBUG nextflow.plugin.PluginsFacade - Plugins resolved requirement=[]
Sep-18 10:58:20.868 [main] DEBUG n.secret.LocalSecretsProvider - Secrets store: /Users/clementgoubert/.nextflow/secrets/store.json
Sep-18 10:58:20.869 [main] DEBUG nextflow.secret.SecretsLoader - Discovered secrets providers: [nextflow.secret.LocalSecretsProvider@765d55d5] - activable => nextflow.secret.LocalSecretsProvider@765d55d5
Sep-18 10:58:20.870 [main] DEBUG nextflow.cli.CmdRun - Enabling module binaries
Sep-18 10:58:20.943 [main] DEBUG nextflow.Session - Session UUID: 84222435-696f-4b4a-8a60-d8cf6de3c577
Sep-18 10:58:20.943 [main] DEBUG nextflow.Session - Run name: big_gilbert
Sep-18 10:58:20.944 [main] DEBUG nextflow.Session - Executor pool size: 10
Sep-18 10:58:20.951 [main] DEBUG nextflow.file.FilePorter - File porter settings maxRetries=3; maxTransfers=50; pollTimeout=null
Sep-18 10:58:20.956 [main] DEBUG nextflow.util.ThreadPoolBuilder - Creating thread pool 'FileTransfer' minSize=10; maxSize=30; workQueue=LinkedBlockingQueue[-1]; allowCoreThreadTimeout=false
Sep-18 10:58:21.061 [main] DEBUG nextflow.cli.CmdRun - 
  Version: 26.04.6 build 12646
  Created: 09-07-2026 18:49 UTC (11:49 MDT)
  System: Mac OS X 15.6.1
  Runtime: Groovy 4.0.31 on Java HotSpot(TM) 64-Bit Server VM 22.0.1+8-16
  Encoding: UTF-8 (UTF-8)
  Process: 53273@MacBookPro [192.168.0.39]
  CPUs: 10 - Mem: 64 GB (383.9 MB) - Swap: 5 GB (1.5 GB)
Sep-18 10:58:21.072 [main] DEBUG nextflow.Session - Work-dir: /Users/clementgoubert/Documents/GraffiTE/work [Mac OS X]
Sep-18 10:58:21.104 [main] DEBUG nextflow.executor.ExecutorFactory - Extension executors providers=[]
Sep-18 10:58:21.111 [main] DEBUG nextflow.Session - Observer factory (v2): LinObserverFactory
Sep-18 10:58:21.112 [main] DEBUG nextflow.Session - Observer factory (v2): DefaultObserverFactory
Sep-18 10:58:21.131 [main] DEBUG nextflow.cache.CacheFactory - Using Nextflow cache factory: nextflow.cache.DefaultCacheFactory
Sep-18 10:58:21.139 [main] DEBUG nextflow.util.CustomThreadPool - Creating default thread pool > poolSize: 11; maxThreads: 1000
Sep-18 10:58:21.177 [main] DEBUG nextflow.Session - Session start
Sep-18 10:58:21.180 [main] DEBUG nextflow.script.ScriptLoaderFactory - Using script parser v2
Sep-18 10:58:22.069 [main] DEBUG nextflow.script.ScriptRunner - > Launching execution
Sep-18 10:58:22.218 [main] INFO  nextflow.Nextflow - 

▄████  ██▀███   ▄▄▄        █████▒ █████▒██▓▄▄▄█████▓▓█████
██▒ ▀█▒▓██ ▒ ██▒▒████▄    ▓██   ▒▓██           ██▒ ▓▒▓█   ▀
▒██░▄▄▄░▓██ ░▄█ ▒▒██  ▀█▄  ▒████ ░▒████ ░▒██▒▒ ▓██░ ▒░▒███
░▓█  ██▓▒██▀▀█▄  ░██▄▄▄▄██ ░▓█▒  ░░▓█▒  ░░██░░ ▓██▓ ░ ▒▓█  ▄
░▒▓███▀▒░██▓ ▒██▒  █   ▓██▒░▒█░   ░▒█░   ░██░  ▒██▒ ░ ░▒████▒
░▒   ▒ ░ ▒▓ ░▒▓░ ▒▒   ▓▒█░ ▒ ░    ▒ ░   ░▓    ▒ ░░   ░░ ▒░ ░
░   ░   ░▒ ░ ▒░  ▒   ▒▒ ░ ░      ░      ▒ ░    ░     ░ ░  ░
░ ░   ░   ░░   ░   ░   ▒    ░ ░    ░ ░    ▒ ░  ░         ░
░    ░           ░  ░               ░              ░  ░

V. 1.1.0 - main

Pangenomic Toolbox for the Analysis of Transposable Element Insertion Polymorphisms

Authors: Cristian Groza and Clément Goubert
Bug/issues: https://github.com/cgroza/GraffiTE/issues


Sep-18 10:58:22.282 [main] DEBUG n.script.dsl.ProcessConfigBuilder - Config settings `withName:truvari_merge` matches process truvari_merge
Sep-18 10:58:22.284 [main] DEBUG nextflow.executor.ExecutorFactory - << taskConfig executor: local
Sep-18 10:58:22.284 [main] DEBUG nextflow.executor.ExecutorFactory - >> processorType: 'local'
Sep-18 10:58:22.290 [main] DEBUG nextflow.executor.Executor - [warm up] executor > local
Sep-18 10:58:22.295 [main] DEBUG n.processor.LocalPollingMonitor - Creating local task monitor for executor 'local' > cpus=10; memory=64 GB; capacity=10; pollInterval=100ms; dumpInterval=5m
Sep-18 10:58:22.297 [main] DEBUG n.processor.TaskPollingMonitor - >>> barrier register (monitor: local)
Sep-18 10:58:22.321 [main] DEBUG nextflow.processor.TaskProcessor - Creating process 'truvari_merge': maxForks=0; fair=false; array=0
Sep-18 10:58:22.348 [main] DEBUG nextflow.script.ScriptRunner - Parsed script files:
  Main: /Users/clementgoubert/Documents/GraffiTE/main.nf
  _nf_script_841811ce85691d55: /Users/clementgoubert/Documents/GraffiTE/panmethyl/module/main.nf
  _nf_script_48c9764bf7bb9849: /Users/clementgoubert/Documents/GraffiTE/module/main.nf
Sep-18 10:58:22.348 [main] DEBUG nextflow.Session - Session aborted -- Cause: No input given. Pass one of --longreads, --bams, --assemblies, --pav, --svs (discovery), --vcf (a merged SV VCF), --RM_dir (RepeatMasker output of an earlier run) or --graffite_vcf (a pangenome.vcf from an earlier run).
Sep-18 10:58:22.360 [main] DEBUG nextflow.Session - The following nodes are still active:
  [operator] mix
  [operator] mix
  [operator] mix
  [operator] collect

Sep-18 10:58:22.366 [main] DEBUG n.trace.WorkflowStatsObserver - Workflow completed > WorkflowStats[succeededCount=0; failedCount=0; ignoredCount=0; cachedCount=0; pendingCount=0; submittedCount=0; runningCount=0; retriesCount=0; abortedCount=0; succeedDuration=0ms; failedDuration=0ms; cachedDuration=0ms;loadCpus=0; loadMemory=0; peakRunning=0; peakCpus=0; peakMemory=0; ]
Sep-18 10:58:22.368 [Task monitor] DEBUG n.processor.TaskPollingMonitor - <<< barrier arrives (monitor: local) - terminating tasks monitor poll loop
Sep-18 10:58:22.369 [main] ERROR nextflow.cli.Launcher - @unknown
nextflow.exception.WorkflowScriptErrorException: No input given. Pass one of --longreads, --bams, --assemblies, --pav, --svs (discovery), --vcf (a merged SV VCF), --RM_dir (RepeatMasker output of an earlier run) or --graffite_vcf (a pangenome.vcf from an earlier run).
	at org.codehaus.groovy.vmplugin.v8.IndyInterface.fromCache(IndyInterface.java:321)
	at nextflow.Nextflow.error(Nextflow.groovy:253)
	at org.codehaus.groovy.vmplugin.v8.IndyInterface.fromCache(IndyInterface.java:321)
	at Main$_runScript_closure1$_closure2.doCall(Main:143)
	at java.base/jdk.internal.reflect.DirectMethodHandleAccessor.invoke(DirectMethodHandleAccessor.java:103)
	at java.base/java.lang.reflect.Method.invoke(Method.java:580)
	at org.codehaus.groovy.reflection.CachedMethod.invoke(CachedMethod.java:343)
	at groovy.lang.MetaMethod.doMethodInvoke(MetaMethod.java:328)
	at org.codehaus.groovy.runtime.metaclass.ClosureMetaClass.invokeMethod(ClosureMetaClass.java:280)
	at groovy.lang.MetaClassImpl.invokeMethod(MetaClassImpl.java:1009)
	at groovy.lang.Closure.call(Closure.java:433)
	at groovy.lang.Closure.call(Closure.java:412)
	at nextflow.script.WorkflowDef.run0(WorkflowDef.groovy:204)
	at nextflow.script.WorkflowDef.run(WorkflowDef.groovy:187)
	at nextflow.script.BindableDef.invoke_a(BindableDef.groovy:51)
	at nextflow.script.BaseScript.run0(BaseScript.groovy:297)
	at nextflow.script.BaseScript.run(BaseScript.groovy:308)
	at nextflow.script.parser.v2.ScriptLoaderV2.runScript(ScriptLoaderV2.groovy:99)
	at nextflow.script.parser.v2.ScriptLoaderV2.runScript(ScriptLoaderV2.groovy)
	at nextflow.script.ScriptRunner.run(ScriptRunner.groovy:229)
	at nextflow.script.ScriptRunner.execute(ScriptRunner.groovy:128)
	at nextflow.cli.CmdRun.run(CmdRun.groovy:442)
	at nextflow.cli.Launcher.run(Launcher.groovy:526)
	at nextflow.cli.Launcher.main(Launcher.groovy:686)
